// Jest Snapshot v1, https://goo.gl/fbAQLP

exports[`my Login page component should render correctly 1`] = `
<div
  className="box-layout"
>
  <div
    className="box-layout__box"
  >
    <h1
      className="box-layout__title"
    >
      title
    </h1>
    <p>
      subtitle
    </p>
    <p>
      <a
        className="button"
        href="/auth/twitter"
      >
        twitterLogin
      </a>
    </p>
    <p>
      <a
        className="button"
        href="/auth/facebook"
      >
        facebookLogin
      </a>
    </p>
    <p>
      <a
        className="button"
        href="/auth/google"
      >
        googleLogin
      </a>
    </p>
  </div>
</div>
`;
